Time slot   0
ld_routine
Time slot   1
	Loaded a process at input/proc/p0s, PID: 1 PRIO: 130
Time slot   2
	CPU 2: Dispatched process  1
	Loaded a process at input/proc/s3, PID: 2 PRIO: 39
Time slot   3
	CPU 3: Dispatched process  2
liballoc:261
print_pgtbl:
 PDG=000076b9f8000bb0 P4g=000076b9f8001bc0 PUD=000076b9f8002bd0 PMD=000076b9f8003be0
Time slot   4
	CPU 2: Put process  1 to run queue
	CPU 2: Dispatched process  1
liballoc:261
print_pgtbl:
 PDG=000076b9f8000bb0 P4g=000076b9f8001bc0 PUD=000076b9f8002bd0 PMD=000076b9f8003be0
	Loaded a process at input/proc/m1s, PID: 3 PRIO: 15
Time slot   5
	CPU 3: Put process  2 to run queue
	CPU 3: Dispatched process  3
	CPU 1: Dispatched process  2
liballoc:261
print_pgtbl:
 PDG=000076b9ec000bb0 P4g=000076b9ec001bc0 PUD=000076b9ec002bd0 PMD=000076b9ec003be0
libfree:291
print_pgtbl:
 PDG=000076b9f8000bb0 P4g=000076b9f8001bc0 PUD=000076b9f8002bd0 PMD=000076b9f8003be0
Time slot   6
	CPU 2: Put process  1 to run queue
	CPU 2: Dispatched process  1
liballoc:261
print_pgtbl:
 PDG=000076b9f8000bb0 P4g=000076b9f8001bc0 PUD=000076b9f8002bd0 PMD=000076b9f8003be0
liballoc:261
print_pgtbl:
 PDG=000076b9ec000bb0 P4g=000076b9ec001bc0 PUD=000076b9ec002bd0 PMD=000076b9ec003be0
	Loaded a process at input/proc/s2, PID: 4 PRIO: 120
Time slot   7
	CPU 3: Put process  3 to run queue
	CPU 3: Dispatched process  3
libfree:291
print_pgtbl:
 PDG=000076b9ec000bb0 P4g=000076b9ec001bc0 PUD=000076b9ec002bd0 PMD=000076b9ec003be0
libwrite:490
	CPU 0: Dispatched process  4
print_pgtbl:
 PDG=000076b9f8000bb0 P4g=000076b9f8001bc0 PUD=000076b9f8002bd0 PMD=000076b9f8003be0
	CPU 1: Put process  2 to run queue
	CPU 1: Dispatched process  2
	Loaded a process at input/proc/m0s, PID: 5 PRIO: 120
Time slot   8
liballoc:261
print_pgtbl:
 PDG=000076b9ec000bb0 P4g=000076b9ec001bc0 PUD=000076b9ec002bd0 PMD=000076b9ec003be0
	CPU 2: Put process  1 to run queue
	CPU 2: Dispatched process  5
liballoc:261
print_pgtbl:
 PDG=000076b9f8004c70 P4g=000076b9f8005c80 PUD=000076b9f8006c90 PMD=000076b9f8007ca0
Time slot   9
	CPU 3: Put process  3 to run queue
	CPU 3: Dispatched process  3
libfree:291
	CPU 1: Put process  2 to run queue
	CPU 1: Dispatched process  2
	CPU 0: Put process  4 to run queue
	CPU 0: Dispatched process  4
print_pgtbl:
 PDG=000076b9ec000bb0 P4g=000076b9ec001bc0 PUD=000076b9ec002bd0 PMD=000076b9ec003be0
liballoc:261
print_pgtbl:
 PDG=000076b9f8004c70 P4g=000076b9f8005c80 PUD=000076b9f8006c90 PMD=000076b9f8007ca0
	Loaded a process at input/proc/p1s, PID: 6 PRIO: 15
Time slot  10
	CPU 2: Put process  5 to run queue
	CPU 2: Dispatched process  6
libfree:291
print_pgtbl:
 PDG=000076b9ec000bb0 P4g=000076b9ec001bc0 PUD=000076b9ec002bd0 PMD=000076b9ec003be0
Time slot  11
	CPU 3: Processed  3 has finished
	CPU 3: Dispatched process  5
libfree:291
print_pgtbl:
 PDG=000076b9f8004c70 P4g=000076b9f8005c80 PUD=000076b9f8006c90 PMD=000076b9f8007ca0
	CPU 1: Put process  2 to run queue
	CPU 1: Dispatched process  2
	CPU 0: Put process  4 to run queue
	CPU 0: Dispatched process  4
	Loaded a process at input/proc/s0, PID: 7 PRIO: 38
Time slot  12
liballoc:261
print_pgtbl:
 PDG=000076b9f8004c70 P4g=000076b9f8005c80 PUD=000076b9f8006c90 PMD=000076b9f8007ca0
	CPU 2: Put process  6 to run queue
	CPU 2: Dispatched process  6
Time slot  13
	CPU 3: Put process  5 to run queue
	CPU 3: Dispatched process  7
	CPU 0: Put process  4 to run queue
	CPU 0: Dispatched process  5
	CPU 1: Put process  2 to run queue
	CPU 1: Dispatched process  2
libwrite:490
print_pgtbl:
 PDG=000076b9f8004c70 P4g=000076b9f8005c80 PUD=000076b9f8006c90 PMD=000076b9f8007ca0
Time slot  14
	CPU 2: Put process  6 to run queue
	CPU 2: Dispatched process  6
	CPU 1: Processed  2 has finished
	CPU 1: Dispatched process  4
libwrite:490
print_pgtbl:
 PDG=000076b9f8004c70 P4g=000076b9f8005c80 PUD=000076b9f8006c90 PMD=000076b9f8007ca0
Time slot  15
	CPU 3: Put process  7 to run queue
	CPU 3: Dispatched process  7
	CPU 0: Processed  5 has finished
	CPU 0: Dispatched process  1
libread:443
Time slot  16
	CPU 2: Put process  6 to run queue
	CPU 2: Dispatched process  6
libwrite:490
print_pgtbl:
 PDG=000076b9f8000bb0 P4g=000076b9f8001bc0 PUD=000076b9f8002bd0 PMD=000076b9f8003be0
	CPU 1: Put process  4 to run queue
	CPU 1: Dispatched process  4
	Loaded a process at input/proc/s1, PID: 8 PRIO: 0
Time slot  17
	CPU 3: Put process  7 to run queue
	CPU 3: Dispatched process  8
	CPU 0: Put process  1 to run queue
	CPU 0: Dispatched process  7
Time slot  18
	CPU 2: Put process  6 to run queue
	CPU 2: Dispatched process  6
	CPU 1: Put process  4 to run queue
	CPU 1: Dispatched process  4
Time slot  19
	CPU 3: Put process  8 to run queue
	CPU 3: Dispatched process  8
	CPU 0: Put process  7 to run queue
	CPU 0: Dispatched process  7
Time slot  20
	CPU 2: Processed  6 has finished
	CPU 2: Dispatched process  1
libread:443
	CPU 1: Processed  4 has finished
	CPU 1 stopped
Time slot  21
	CPU 3: Put process  8 to run queue
	CPU 3: Dispatched process  8
libwrite:490
	CPU 0: Put process  7 to run queue
print_pgtbl:
	CPU 0: Dispatched process  7
 PDG=000076b9f8000bb0 P4g=000076b9f8001bc0 PUD=000076b9f8002bd0 PMD=000076b9f8003be0
Time slot  22
	CPU 2: Put process  1 to run queue
	CPU 2: Dispatched process  1
libread:443
Time slot  23
	CPU 3: Put process  8 to run queue
	CPU 3: Dispatched process  8
	CPU 0: Put process  7 to run queue
	CPU 0: Dispatched process  7
Time slot  24
	CPU 3: Processed  8 has finished
	CPU 3 stopped
	CPU 2: Put process  1 to run queue
	CPU 2: Dispatched process  1
libfree:291
print_pgtbl:
 PDG=000076b9f8000bb0 P4g=000076b9f8001bc0 PUD=000076b9f8002bd0 PMD=000076b9f8003be0
Time slot  25
	CPU 0: Put process  7 to run queue
	CPU 0: Dispatched process  7
Time slot  26
	CPU 2: Processed  1 has finished
	CPU 2 stopped
Time slot  27
	CPU 0: Put process  7 to run queue
	CPU 0: Dispatched process  7
Time slot  28
	CPU 0: Processed  7 has finished
	CPU 0 stopped
